#! /c/Source/iverilog-install/bin/vvp
:ivl_version "12.0 (devel)" "(s20150603-1110-g18392a46)";
:ivl_delay_selection "TYPICAL";
:vpi_time_precision - 12;
:vpi_module "D:\verilog\iverilog\lib\ivl\system.vpi";
:vpi_module "D:\verilog\iverilog\lib\ivl\vhdl_sys.vpi";
:vpi_module "D:\verilog\iverilog\lib\ivl\vhdl_textio.vpi";
:vpi_module "D:\verilog\iverilog\lib\ivl\v2005_math.vpi";
:vpi_module "D:\verilog\iverilog\lib\ivl\va_math.vpi";
S_000001fb2186bbd0 .scope module, "tb_half_adder" "tb_half_adder" 2 4;
 .timescale -9 -12;
v000001fb2186b550_0 .var "a", 0 0;
v000001fb2186b5f0_0 .var "b", 0 0;
v000001fb2186a2b0_0 .net "carry", 0 0, L_000001fb21866a10;  1 drivers
v000001fb2186a350_0 .net "sum", 0 0, L_000001fb21868dc0;  1 drivers
S_000001fb2186b3c0 .scope module, "uut" "half_adder" 2 15, 3 2 0, S_000001fb2186bbd0;
 .timescale 0 0;
    .port_info 0 /INPUT 1 "a";
    .port_info 1 /INPUT 1 "b";
    .port_info 2 /OUTPUT 1 "sum";
    .port_info 3 /OUTPUT 1 "carry";
L_000001fb21868dc0 .functor XOR 1, v000001fb2186b550_0, v000001fb2186b5f0_0, C4<0>, C4<0>;
L_000001fb21866a10 .functor AND 1, v000001fb2186b550_0, v000001fb2186b5f0_0, C4<1>, C4<1>;
v000001fb21866c30_0 .net "a", 0 0, v000001fb2186b550_0;  1 drivers
v000001fb218b56c0_0 .net "b", 0 0, v000001fb2186b5f0_0;  1 drivers
v000001fb21868d20_0 .net "carry", 0 0, L_000001fb21866a10;  alias, 1 drivers
v000001fb2186bd60_0 .net "sum", 0 0, L_000001fb21868dc0;  alias, 1 drivers
    .scope S_000001fb2186bbd0;
T_0 ;
    %vpi_call 2 25 "$dumpfile", "half_adder.vcd" {0 0 0};
    %vpi_call 2 26 "$dumpvars", 32'sb00000000000000000000000000000000, S_000001fb2186bbd0 {0 0 0};
    %vpi_call 2 29 "$display", "Starting Half Adder Simulation..." {0 0 0};
    %vpi_call 2 30 "$display", "Time\011 a b | sum carry" {0 0 0};
    %vpi_call 2 31 "$display", "----------------------" {0 0 0};
    %end;
    .thread T_0;
    .scope S_000001fb2186bbd0;
T_1 ;
    %pushi/vec4 0, 0, 1;
    %store/vec4 v000001fb2186b550_0, 0, 1;
    %pushi/vec4 0, 0, 1;
    %store/vec4 v000001fb2186b5f0_0, 0, 1;
    %delay 10000, 0;
    %pushi/vec4 0, 0, 1;
    %store/vec4 v000001fb2186b550_0, 0, 1;
    %pushi/vec4 1, 0, 1;
    %store/vec4 v000001fb2186b5f0_0, 0, 1;
    %delay 10000, 0;
    %pushi/vec4 1, 0, 1;
    %store/vec4 v000001fb2186b550_0, 0, 1;
    %pushi/vec4 0, 0, 1;
    %store/vec4 v000001fb2186b5f0_0, 0, 1;
    %delay 10000, 0;
    %pushi/vec4 1, 0, 1;
    %store/vec4 v000001fb2186b550_0, 0, 1;
    %pushi/vec4 1, 0, 1;
    %store/vec4 v000001fb2186b5f0_0, 0, 1;
    %delay 10000, 0;
    %vpi_call 2 54 "$display", "----------------------" {0 0 0};
    %vpi_call 2 55 "$display", "Simulation completed successfully!" {0 0 0};
    %vpi_call 2 56 "$finish" {0 0 0};
    %end;
    .thread T_1;
    .scope S_000001fb2186bbd0;
T_2 ;
    %vpi_call 2 61 "$monitor", "%0t\011 %b %b | %b  %b", $time, v000001fb2186b550_0, v000001fb2186b5f0_0, v000001fb2186a350_0, v000001fb2186a2b0_0 {0 0 0};
    %end;
    .thread T_2;
# The file index is used to find the file name in the following table.
:file_names 4;
    "N/A";
    "<interactive>";
    "test.v";
    "half.v";
